#-----------------------------------------------------------
# Vivado v2020.3 (64-bit)
# SW Build 3173277 on Wed Apr  7 05:07:49 MDT 2021
# IP Build 3174024 on Wed Apr  7 23:42:35 MDT 2021
# Start of session at: Wed Mar 15 09:41:16 2023
# Process ID: 21012
# Current directory: C:/Users/vojte/digital-electronics-1/05-ffs/flip_flops
# Command line: vivado.exe -gui_launcher_event rodinguilauncherevent16572 C:\Users\vojte\digital-electronics-1\05-ffs\flip_flops\flip_flops.xpr
# Log file: C:/Users/vojte/digital-electronics-1/05-ffs/flip_flops/vivado.log
# Journal file: C:/Users/vojte/digital-electronics-1/05-ffs/flip_flops\vivado.jou
#-----------------------------------------------------------
start_openopen_project C:/Users/vojte/digital-electronics-1/05-ffs/flip_flops/flip_flops.xpr
update_compile_order -fileset sources_1
launch_simulation
source tb_ff_rst.tcl
synth_design -rtl -rtl_skip_mlo -name rtl_1
set_property SOURCE_SET sources_1 [get_filesets sim_1]
close [ open C:/Users/vojte/digital-electronics-1/05-ffs/flip_flops/flip_flops.srcs/sim_1/new/tb_top.vhd w ]
add_files -fileset sim_1 C:/Users/vojte/digital-electronics-1/05-ffs/flip_flops/flip_flops.srcs/sim_1/new/tb_top.vhd
update_compile_order -fileset sim_1
export_ip_user_files -of_objects  [get_files C:/Users/vojte/digital-electronics-1/05-ffs/flip_flops/flip_flops.srcs/sim_1/new/tb_top.vhd] -no_script -reset -force -quiet
remove_files  -fileset sim_1 C:/Users/vojte/digital-electronics-1/05-ffs/flip_flops/flip_flops.srcs/sim_1/new/tb_top.vhd
set_property SOURCE_SET sources_1 [get_filesets sim_1]
close [ open C:/Users/vojte/digital-electronics-1/05-ffs/flip_flops/flip_flops.srcs/sim_1/new/tb-top.vhd w ]
add_files -fileset sim_1 C:/Users/vojte/digital-electronics-1/05-ffs/flip_flops/flip_flops.srcs/sim_1/new/tb-top.vhd
update_compile_order -fileset sim_1
export_ip_user_files -of_objects  [get_files C:/Users/vojte/digital-electronics-1/05-ffs/flip_flops/flip_flops.srcs/sim_1/new/tb-top.vhd] -no_script -reset -force -quiet
remove_files  -fileset sim_1 C:/Users/vojte/digital-electronics-1/05-ffs/flip_flops/flip_flops.srcs/sim_1/new/tb-top.vhd
close_sim
